files/10.csv
id,week,center_id,meal_id,checkout_price,base_price,emailer_for_promotion,homepage_featured,num_orders
1299656,1,10,1247,387.03,446.23,0,0,53
1218798,2,10,1247,389.03,446.23,0,0,67
1396566,3,10,1247,388.03,445.23,0,0,27
1339585,4,10,1247,388.03,445.23,0,0,69
1399124,5,10,1247,447.23,446.23,0,0,26
1486223,6,10,1247,446.23,446.23,0,0,82
1447173,7,10,1247,445.23,447.23,0,0,15
1497849,8,10,1247,446.23,446.23,0,0,27
1346543,9,10,1247,447.23,447.23,0,0,14
1163423,10,10,1247,446.23,445.23,0,0,15
1022912,11,10,1247,447.23,447.23,0,0,55
1375086,12,10,1247,447.23,446.23,0,0,15
1246118,13,10,1247,447.23,447.23,0,0,55
1263022,14,10,1247,447.23,446.23,0,0,14
1462656,15,10,1247,418.13,417.13,0,0,40
1072253,16,10,1247,418.13,416.13,0,0,14
1162946,17,10,1247,418.13,418.13,0,0,41
1083450,18,10,1247,417.13,416.13,0,0,41
1155776,19,10,1247,446.23,445.23,0,0,40
1074599,20,10,1247,446.23,445.23,0,0,14
1198648,21,10,1247,447.23,445.23,0,0,123
1244047,22,10,1247,446.23,447.23,0,0,40
1497879,23,10,1247,447.23,445.23,0,0,42
1225480,24,10,1247,447.23,447.23,0,0,15
1054666,25,10,1247,445.23,447.23,0,0,27
1049854,26,10,1247,447.23,445.23,0,0,41
1425616,27,10,1247,447.23,446.23,0,0,26
1029453,28,10,1247,445.23,447.23,0,0,53
1307238,29,10,1247,445.23,446.23,0,0,13
1462278,30,10,1247,447.23,445.23,0,0,13
1347462,31,10,1247,446.23,446.23,0,0,28
1115436,32,10,1247,445.23,447.23,0,0,26
1157129,33,10,1247,445.23,446.23,0,0,15
1392690,34,10,1247,445.23,447.23,0,0,13
1420048,38,10,1247,446.23,445.23,0,0,28
1184261,39,10,1247,446.23,446.23,0,0,55
1143295,40,10,1247,445.23,446.23,0,0,26
1356751,41,10,1247,445.23,447.23,0,0,54
1344724,42,10,1247,446.23,446.23,0,0,27
1406055,43,10,1247,447.23,447.23,0,0,42
1369879,44,10,1247,446.23,445.23,0,0,14
1209790,45,10,1247,357.93,447.23,0,0,68
1192932,46,10,1247,359.93,447.23,0,0,55
1260086,47,10,1247,358.93,446.23,0,0,26
1402439,48,10,1247,359.93,446.23,0,0,67
1010793,50,10,1247,446.23,447.23,0,0,27
1153971,51,10,1247,445.23,445.23,0,0,53
1298453,52,10,1247,445.23,447.23,0,0,28
1115411,53,10,1247,416.13,418.13,0,0,55
1367537,54,10,1247,417.13,418.13,0,0,40
1044671,55,10,1247,418.13,417.13,0,0,41
1318043,56,10,1247,417.13,417.13,0,0,55
1459944,58,10,1247,446.23,445.23,0,0,40
1199251,59,10,1247,445.23,446.23,0,0,42
1188086,60,10,1247,446.23,446.23,0,0,42
1359406,61,10,1247,446.23,445.23,0,0,42
1238203,63,10,1247,445.23,446.23,0,0,27
1084321,65,10,1247,446.23,447.23,0,0,26
1307987,67,10,1247,447.23,446.23,0,0,13
1069678,68,10,1247,417.13,417.13,0,0,67
1261008,69,10,1247,418.13,416.13,0,0,14
1388256,72,10,1247,446.23,446.23,0,0,13
1160934,73,10,1247,447.23,446.23,0,0,27
1284521,74,10,1247,446.23,445.23,0,0,14
1416017,76,10,1247,445.23,445.23,0,0,42
1492918,77,10,1247,445.23,447.23,0,0,41
1487496,78,10,1247,446.23,445.23,0,0,15
1384982,79,10,1247,447.23,446.23,0,0,54
1440156,80,10,1247,447.23,446.23,0,0,28
1141598,81,10,1247,446.23,446.23,0,0,40
1237122,82,10,1247,446.23,445.23,0,0,14
1273525,83,10,1247,436.53,436.53,0,0,13
1277002,84,10,1247,437.53,435.53,0,0,15
1290572,85,10,1247,435.53,435.53,0,0,54
1396588,86,10,1247,435.53,436.53,0,0,53
1268608,87,10,1247,445.23,446.23,0,0,42
1066738,88,10,1247,447.23,445.23,0,0,53
1266662,89,10,1247,447.23,446.23,0,0,26
1165087,91,10,1247,445.23,445.23,0,0,42
1044780,92,10,1247,445.23,446.23,0,0,42
1329874,93,10,1247,447.23,445.23,0,0,54
1266119,94,10,1247,446.23,446.23,0,0,13
1296865,95,10,1247,447.23,447.23,0,0,26
1280878,96,10,1247,447.23,446.23,0,0,15
1116243,97,10,1247,445.23,446.23,0,0,15
1391310,98,10,1247,446.23,445.23,0,0,13
1492292,99,10,1247,445.23,447.23,0,0,28
1469624,101,10,1247,447.23,445.23,0,0,28
1005413,105,10,1247,388.03,446.23,0,0,55
1394095,106,10,1247,389.03,446.23,0,0,26
1399500,109,10,1247,447.23,445.23,0,0,15
1283797,110,10,1247,447.23,447.23,0,0,26
1052929,113,10,1247,446.23,445.23,0,0,41
1204875,114,10,1247,445.23,445.23,0,0,55
1377259,115,10,1247,445.23,445.23,0,0,13
1115038,116,10,1247,446.23,447.23,0,0,28
1170068,117,10,1247,445.23,445.23,0,0,13
1474665,120,10,1247,388.03,447.23,0,0,55
1273437,121,10,1247,388.03,447.23,0,0,42
1467484,122,10,1247,387.03,446.23,0,0,54
1388570,123,10,1247,387.03,445.23,0,0,67
1312282,124,10,1247,445.23,445.23,0,0,26
1153197,125,10,1247,447.23,447.23,0,0,55
1257110,126,10,1247,445.23,445.23,0,0,42
1389569,127,10,1247,447.23,445.23,0,0,27
1155238,128,10,1247,445.23,445.23,0,0,28
1307252,129,10,1247,446.23,446.23,0,0,41
1168479,130,10,1247,447.23,447.23,0,0,40
1408521,131,10,1247,445.23,445.23,0,0,13
1174603,132,10,1247,445.23,446.23,0,0,14
1339596,133,10,1247,446.23,445.23,0,0,13
1075217,134,10,1247,445.23,445.23,0,0,40
1128400,135,10,1247,446.23,447.23,0,0,14
1490223,136,10,1247,447.23,445.23,0,0,27
1477353,137,10,1247,387.03,447.23,0,0,15
1320309,138,10,1247,388.03,446.23,0,0,69
1487338,140,10,1247,389.03,447.23,0,0,53
1073015,141,10,1247,445.23,446.23,0,0,13
1076712,142,10,1247,446.23,445.23,0,0,28
1149265,143,10,1247,445.23,446.23,0,0,14
1399827,144,10,1247,445.23,445.23,0,0,28
1128624,145,10,1247,447.23,445.23,0,0,14
1239653,1,10,1770,340.53,484.03,0,0,242
1275864,2,10,1770,340.53,485.03,0,0,177
1334628,3,10,1770,338.53,484.03,0,0,177
1489177,4,10,1770,339.53,484.03,0,0,148
1043557,5,10,1770,485.03,484.03,0,0,96
1024215,6,10,1770,484.03,485.03,0,0,54
1286950,7,10,1770,486.03,485.03,0,0,40
1403811,8,10,1770,484.03,484.03,0,0,67
1318209,9,10,1770,486.03,484.03,0,0,94
1397997,10,10,1770,484.03,485.03,0,0,82
1192443,11,10,1770,485.03,484.03,0,0,67
1275974,12,10,1770,484.03,484.03,0,0,67
1334772,13,10,1770,484.03,485.03,0,0,40
1203448,14,10,1770,485.03,486.03,0,0,54
1414603,15,10,1770,484.03,484.03,0,0,68
1193677,16,10,1770,484.03,484.03,0,0,14
1186202,17,10,1770,437.53,484.03,0,0,28
1459332,18,10,1770,436.53,485.03,0,1,68
1113014,19,10,1770,437.53,484.03,0,0,68
1059417,20,10,1770,435.53,485.03,0,0,13
1370504,21,10,1770,484.03,486.03,0,0,54
1254852,22,10,1770,484.03,485.03,0,0,53
1391661,23,10,1770,485.03,486.03,0,0,27
1119420,24,10,1770,484.03,485.03,0,0,15
1483575,25,10,1770,486.03,486.03,0,0,14
1323738,26,10,1770,485.03,485.03,0,0,55
1073711,27,10,1770,484.03,485.03,0,0,68
1016865,28,10,1770,485.03,486.03,0,0,68
1152598,29,10,1770,389.03,486.03,0,0,107
1308073,30,10,1770,387.03,486.03,0,0,108
1328920,31,10,1770,389.03,485.03,0,0,95
1456220,32,10,1770,389.03,485.03,0,0,13
1319189,33,10,1770,486.03,484.03,0,0,14
1002140,34,10,1770,486.03,486.03,0,0,26
1285512,35,10,1770,486.03,485.03,0,0,28
1203454,36,10,1770,484.03,486.03,0,0,69
1309320,37,10,1770,485.03,484.03,0,0,14
1111836,38,10,1770,484.03,485.03,0,0,42
1021334,39,10,1770,485.03,486.03,0,0,81
1156380,40,10,1770,485.03,484.03,0,0,15
1341171,41,10,1770,484.03,485.03,0,0,68
1036007,42,10,1770,485.03,484.03,0,0,94
1493810,43,10,1770,486.03,485.03,0,0,26
1309238,44,10,1770,485.03,484.03,0,0,26
1310283,45,10,1770,453.02,452.02,0,0,42
1243846,46,10,1770,435.53,437.53,0,0,40
1174585,47,10,1770,437.53,435.53,0,0,15
1142394,48,10,1770,435.53,435.53,0,0,27
1267520,49,10,1770,484.03,484.03,0,0,53
1136821,50,10,1770,485.03,486.03,0,0,27
1484459,51,10,1770,484.03,486.03,0,0,27
1158779,52,10,1770,485.03,485.03,0,0,69
1058643,53,10,1770,435.53,484.03,0,0,42
1307927,54,10,1770,436.53,484.03,0,0,41
1071942,55,10,1770,437.53,484.03,0,0,13
1453793,56,10,1770,452.02,453.02,0,0,40
1084859,57,10,1770,485.03,485.03,0,0,55
1475446,58,10,1770,484.03,485.03,0,0,96
1157832,59,10,1770,486.03,484.03,0,0,55
1077132,60,10,1770,486.03,484.03,0,0,82
1206677,61,10,1770,485.03,484.03,0,0,107
1163497,63,10,1770,486.03,484.03,0,0,82
1391518,64,10,1770,485.03,486.03,0,0,42
1254807,65,10,1770,486.03,484.03,0,0,42
1404549,66,10,1770,485.03,484.03,0,0,13
1151337,67,10,1770,486.03,486.03,0,0,15
1261546,68,10,1770,465.63,464.63,0,0,54
1308502,69,10,1770,466.63,464.63,0,0,40
1478791,70,10,1770,466.63,464.63,0,0,41
1029687,71,10,1770,464.63,464.63,0,0,80
1458716,72,10,1770,485.03,484.03,0,0,80
1307894,73,10,1770,486.03,485.03,0,0,15
1368385,74,10,1770,485.03,485.03,0,0,40
1204617,75,10,1770,484.03,484.03,0,0,69
1401952,76,10,1770,486.03,484.03,0,0,13
1282493,77,10,1770,486.03,485.03,0,0,67
1291573,78,10,1770,485.03,484.03,0,0,14
1410240,79,10,1770,485.03,485.03,0,0,27
1045698,80,10,1770,484.03,485.03,0,0,54
1119016,81,10,1770,486.03,484.03,0,0,40
1402196,82,10,1770,485.03,484.03,0,0,67
1027323,83,10,1770,485.03,485.03,0,0,41
1304035,84,10,1770,486.03,484.03,0,0,55
1071867,85,10,1770,486.03,486.03,0,0,55
1370472,86,10,1770,485.03,486.03,0,0,14
1467864,87,10,1770,484.03,486.03,0,0,14
1497900,88,10,1770,485.03,484.03,0,0,27
1016961,89,10,1770,455.93,454.93,0,0,40
1271072,90,10,1770,454.93,454.93,0,0,54
1015058,91,10,1770,454.93,454.93,0,0,26
1337803,92,10,1770,454.93,454.93,0,0,82
1017303,93,10,1770,486.03,484.03,0,0,94
1057761,94,10,1770,486.03,486.03,0,0,82
1384065,95,10,1770,484.03,486.03,0,0,28
1040078,96,10,1770,486.03,484.03,0,0,27
1099851,97,10,1770,486.03,486.03,0,0,67
1060983,98,10,1770,485.03,485.03,0,0,54
1366535,99,10,1770,486.03,485.03,0,0,40
1182607,100,10,1770,484.03,484.03,0,0,13
1283185,101,10,1770,484.03,486.03,0,0,53
1430938,102,10,1770,484.03,484.03,0,0,40
1253647,103,10,1770,486.03,485.03,0,0,54
1270902,104,10,1770,484.03,485.03,0,0,41
1211191,105,10,1770,412.28,486.03,0,0,69
1413938,106,10,1770,411.28,484.03,0,0,54
1371662,107,10,1770,412.28,484.03,0,0,69
1322344,108,10,1770,411.28,485.03,0,0,54
1437914,109,10,1770,484.03,486.03,0,0,68
1158387,110,10,1770,486.03,484.03,0,0,41
1179990,111,10,1770,484.03,485.03,0,0,40
1466898,112,10,1770,484.03,484.03,0,0,42
1273822,113,10,1770,484.03,484.03,0,0,134
1301050,114,10,1770,484.03,484.03,0,0,40
1457752,115,10,1770,467.54,467.54,0,0,80
1492148,116,10,1770,484.03,485.03,0,0,82
1066228,117,10,1770,484.03,485.03,0,0,67
1305118,118,10,1770,484.03,486.03,0,0,96
1364123,119,10,1770,485.03,485.03,0,0,82
1174048,120,10,1770,413.28,486.03,0,0,41
1059515,121,10,1770,413.28,485.03,0,0,55
1221731,122,10,1770,411.28,485.03,0,0,149
1410806,123,10,1770,411.28,485.03,0,0,54
1012170,124,10,1770,474.39,474.39,0,0,163
1114518,125,10,1770,485.03,485.03,0,0,14
1064693,126,10,1770,485.03,485.03,0,0,94
1303253,127,10,1770,485.03,484.03,0,0,109
1467103,128,10,1770,484.03,485.03,0,0,94
1342299,129,10,1770,486.03,485.03,0,0,95
1112796,130,10,1770,447.23,446.23,0,0,68
1220953,131,10,1770,447.23,446.23,0,0,161
1222726,132,10,1770,445.23,447.23,0,0,67
1125241,133,10,1770,447.23,447.23,0,0,81
1228330,134,10,1770,484.03,484.03,0,0,69
1166702,135,10,1770,485.03,485.03,0,0,96
1398448,136,10,1770,484.03,486.03,0,0,82
1302212,137,10,1770,484.03,485.03,0,0,175
1301762,138,10,1770,485.03,486.03,0,0,14
1465939,139,10,1770,486.03,484.03,0,0,41
1123481,140,10,1770,486.03,486.03,0,0,69
1061884,141,10,1770,485.03,486.03,0,0,15
1242668,142,10,1770,484.03,484.03,0,0,69
1494405,143,10,1770,484.03,484.03,0,0,68
1253740,144,10,1770,484.03,486.03,0,0,42
1009009,145,10,1770,484.03,486.03,0,0,122
1421626,1,10,1198,129.04,196,0,0,269
1496297,2,10,1198,162.05,194,0,0,136
1416015,3,10,1198,164.9,195,0,0,418
1485627,4,10,1198,177.51,178.51,0,0,243
1204314,5,10,1198,175.63,175.63,0,0,150
1162785,6,10,1198,172.69,173.69,0,0,176
1451015,7,10,1198,169.75,171.75,0,0,405
1417186,8,10,1198,171.69,171.69,0,0,526
1293309,9,10,1198,184.3,186.3,0,0,365
1136342,10,10,1198,162.05,184.3,0,0,175
1408102,11,10,1198,168.78,169.78,0,0,458
1052487,12,10,1198,149.44,170.78,0,0,350
1222418,13,10,1198,166.84,166.84,0,0,311
1233466,14,10,1198,187.24,188.24,0,0,323
1365035,15,10,1198,116.4,187.24,0,0,150
1401728,16,10,1198,173.63,175.63,0,0,297
1478314,17,10,1198,189.18,188.18,0,0,298
1212991,18,10,1198,130.95,190.18,0,0,229
1088350,19,10,1198,161.05,190.18,0,0,458
1365539,20,10,1198,183.36,182.36,0,0,377
1471586,21,10,1198,180.48,180.48,0,0,337
1168357,22,10,1198,131.95,178.48,0,0,229
1159646,23,10,1198,167.84,166.84,0,0,271
1341343,24,10,1198,147.44,166.84,0,0,350
1276245,25,10,1198,170.75,169.75,0,0,204
1073594,26,10,1198,191.09,191.09,0,0,202
1326462,27,10,1198,164.9,191.09,0,0,393
1176271,28,10,1198,136.77,191.09,0,0,188
1482494,29,10,1198,170.78,193.09,0,0,231
1239394,30,10,1198,162.05,191.09,0,0,269
1440953,31,10,1198,132.89,192.09,0,0,161
1180405,32,10,1198,172.69,193.09,0,0,176
1334532,33,10,1198,180.42,182.42,0,0,310
1154778,34,10,1198,169.78,169.78,0,0,229
1039771,35,10,1198,138.77,170.78,0,0,189
1097861,36,10,1198,160.05,161.05,0,0,134
1205466,37,10,1198,193.09,191.09,0,0,136
1071221,38,10,1198,166.9,191.09,0,0,256
1095959,39,10,1198,179.51,178.51,0,0,365
1034487,40,10,1198,168.78,170.78,0,0,231
1358835,41,10,1198,169.75,170.75,0,0,204
1287182,42,10,1198,161.05,160.05,0,0,217
1460953,43,10,1198,172.72,171.72,0,0,149
1268935,44,10,1198,140.68,170.72,0,0,216
1279145,45,10,1198,125.19,172.72,0,0,351
1377457,46,10,1198,191.09,192.09,0,0,134
1133430,47,10,1198,170.78,193.09,0,0,202
1174759,48,10,1198,173.63,174.63,0,0,447
1098858,49,10,1198,168.84,167.84,0,0,283
1051961,50,10,1198,174.66,174.66,0,0,324
1407802,51,10,1198,162.05,160.05,0,0,242
1075440,52,10,1198,185.3,184.3,0,0,256
1021236,53,10,1198,137.77,185.3,0,0,190
1056593,54,10,1198,143.62,186.3,0,0,122
1489249,55,10,1198,140.68,186.3,0,0,217
1086756,56,10,1198,150.41,185.3,0,0,379
1028860,57,10,1198,151.35,185.3,0,0,230
1139635,58,10,1198,162.05,185.3,0,0,269
1265323,59,10,1198,196.97,194.97,0,0,244
1188343,60,10,1198,162.05,196.97,0,0,244
1304066,61,10,1198,162.05,195.97,0,0,107
1390058,62,10,1198,141.62,196.97,0,0,243
1057694,63,10,1198,189.15,189.15,0,0,202
1474620,64,10,1198,175.63,175.63,0,0,298
1428734,65,10,1198,162.05,161.05,0,0,188
1112233,66,10,1198,141.68,162.05,0,0,217
1166297,67,10,1198,180.45,180.45,0,0,217
1242956,68,10,1198,153.26,181.45,0,0,339
1263521,69,10,1198,209.58,207.58,0,0,270
1193796,70,10,1198,158.14,207.58,0,0,161
1178462,71,10,1198,170.72,207.58,0,0,378
1478262,72,10,1198,246.44,246.44,0,0,229
1314122,73,10,1198,166.87,244.44,0,0,366
1161192,74,10,1198,195.97,245.44,0,0,244
1022474,75,10,1198,171.69,246.44,0,1,352
1280506,76,10,1198,154.26,246.44,0,0,365
1469414,77,10,1198,155.2,244.44,0,0,501
1264553,78,10,1198,164.93,245.44,0,0,474
1118370,79,10,1198,166.87,244.44,0,0,338
1464660,80,10,1198,188.24,186.24,0,0,485
1419140,81,10,1198,188.24,188.24,0,1,324
1192619,82,10,1198,131.95,186.24,0,0,230
1360112,83,10,1198,189.18,188.18,0,0,526
1113775,84,10,1198,174.63,175.63,0,0,474
1074685,85,10,1198,169.75,169.75,0,0,555
1086431,86,10,1198,173.66,170.75,0,1,499
1054578,87,10,1198,187.27,185.27,0,0,420
1197191,88,10,1198,185.33,183.33,0,0,446
1338020,89,10,1198,161.05,184.33,0,0,298
1479705,90,10,1198,133.89,185.33,0,0,325
1361166,91,10,1198,160.05,183.33,0,0,404
1463619,92,10,1198,162.96,185.33,0,0,608
1187309,93,10,1198,173.63,184.33,0,1,472
1364183,94,10,1198,179.51,185.33,0,1,366
1037128,95,10,1198,141.62,183.33,0,0,121
1306445,96,10,1198,143.62,185.33,0,0,243
1290430,97,10,1198,186.3,185.3,0,0,352
1389484,98,10,1198,191.09,191.09,0,0,271
1326761,99,10,1198,187.27,192.09,0,1,419
1181153,100,10,1198,171.69,191.09,0,0,526
1024190,101,10,1198,153.32,192.09,0,0,512
1098614,102,10,1198,168.84,192.09,0,0,594
1216974,103,10,1198,199.82,200.82,0,0,215
1466367,104,10,1198,176.54,200.82,0,0,393
1124553,105,10,1198,192.09,191.09,0,0,338
1390510,106,10,1198,168.84,191.09,0,0,595
1486701,107,10,1198,167.84,191.09,0,0,312
1058483,108,10,1198,182.36,183.36,0,0,190
1378195,109,10,1198,164.93,182.36,0,0,555
1312700,110,10,1198,224.1,225.1,0,0,406
1150603,111,10,1198,136.83,223.1,0,1,298
1201154,112,10,1198,173.69,223.1,0,1,339
1227890,113,10,1198,161.05,225.1,0,0,487
1197355,114,10,1198,188.24,225.1,0,0,486
1087169,115,10,1198,169.81,223.1,0,0,486
1049859,116,10,1198,191.15,223.1,0,1,366
1434492,117,10,1198,172.69,223.1,0,0,351
1491945,118,10,1198,188.21,224.1,0,0,784
1323095,119,10,1198,174.63,223.1,0,1,526
1297769,120,10,1198,199.85,224.1,0,1,621
1308178,121,10,1198,220.22,219.22,0,0,458
1351923,122,10,1198,181.42,220.22,0,0,554
1380712,123,10,1198,186.3,220.22,0,0,595
1056789,124,10,1198,173.63,221.22,0,0,554
1246179,125,10,1198,185.33,219.22,0,1,648
1200425,126,10,1198,187.27,220.22,0,0,567
1236331,127,10,1198,179.51,221.22,0,0,553
1097997,128,10,1198,192.09,220.22,0,0,527
1234884,129,10,1198,175.63,174.63,0,0,472
1047877,130,10,1198,178.51,177.51,0,0,568
1113261,131,10,1198,202.79,200.79,0,0,419
1469453,132,10,1198,177.51,200.79,0,0,540
1322555,133,10,1198,181.42,202.79,0,0,379
1120879,134,10,1198,195.03,195.03,0,0,379
1239200,135,10,1198,217.28,219.28,0,0,188
1307552,136,10,1198,234.8,234.8,0,0,432
1155354,137,10,1198,215.34,217.34,0,0,298
1037525,138,10,1198,201.79,200.79,0,0,431
1369661,139,10,1198,194.06,194.06,0,0,406
1451550,140,10,1198,174.66,194.06,0,0,688
1136708,141,10,1198,177.54,176.54,0,0,594
1164248,142,10,1198,197.88,199.88,0,0,325
1080622,143,10,1198,187.24,187.24,0,0,270
1316365,144,10,1198,188.24,186.24,0,0,540
1033334,145,10,1198,171.75,171.75,0,0,406
