files/10.csv
id,week,center_id,meal_id,checkout_price,base_price,emailer_for_promotion,homepage_featured,num_orders
1406902,1,10,2494,243.5,243.5,0,0,41
1433800,2,10,2494,243.5,242.5,0,0,28
1053635,3,10,2494,242.5,243.5,0,0,40
1271152,4,10,2494,242.5,243.5,0,0,28
1392453,7,10,2494,244.5,242.5,0,0,53
1230275,8,10,2494,242.5,244.5,0,0,55
1161272,9,10,2494,270.63,271.63,0,0,53
1459432,10,10,2494,272.63,272.63,0,0,67
1249924,11,10,2494,270.63,272.63,0,0,55
1371997,12,10,2494,272.63,270.63,0,0,42
1427754,13,10,2494,243.5,270.63,0,0,40
1498252,14,10,2494,243.5,272.63,0,0,40
1057769,15,10,2494,243.5,270.63,0,0,53
1307037,16,10,2494,242.5,272.63,0,0,69
1439689,17,10,2494,243.5,271.63,0,0,67
1364005,18,10,2494,243.5,270.63,0,0,121
1375632,19,10,2494,242.5,242.5,0,0,96
1438117,20,10,2494,242.5,244.5,0,0,81
1465798,21,10,2494,242.5,243.5,0,0,123
1019567,22,10,2494,242.5,244.5,0,0,69
1039802,23,10,2494,244.5,243.5,0,0,96
1332787,24,10,2494,242.5,244.5,0,0,41
1032746,25,10,2494,243.5,242.5,0,0,54
1400583,26,10,2494,237.68,237.68,0,0,54
1279365,27,10,2494,244.5,243.5,0,0,80
1227899,28,10,2494,243.5,243.5,0,0,108
1476379,29,10,2494,196,244.5,0,0,68
1344787,30,10,2494,196,242.5,0,0,80
1434008,31,10,2494,195,242.5,0,0,108
1303260,32,10,2494,195,242.5,0,0,123
1257063,33,10,2494,259.96,261.96,0,0,55
1210344,34,10,2494,256.08,258.08,0,0,53
1226114,35,10,2494,258.08,257.08,0,0,123
1052638,36,10,2494,257.08,257.08,0,0,28
1382117,37,10,2494,196,258.08,0,0,80
1337887,38,10,2494,195,256.08,0,0,67
1436389,39,10,2494,196,258.08,0,0,107
1327526,40,10,2494,194,256.08,0,0,94
1332332,41,10,2494,217.28,256.08,0,0,40
1081884,42,10,2494,219.28,256.08,0,0,94
1207219,43,10,2494,219.28,219.28,0,0,94
1003130,44,10,2494,219.28,218.28,0,0,41
1061327,45,10,2494,234.8,234.8,0,0,40
1353681,46,10,2494,233.8,232.8,0,0,81
1298985,47,10,2494,234.8,232.8,0,0,122
1240325,48,10,2494,234.8,234.8,0,0,96
1022332,49,10,2494,240.56,242.56,0,0,107
1016383,50,10,2494,240.56,242.56,0,0,96
1184009,51,10,2494,240.56,241.56,0,0,82
1190214,52,10,2494,240.56,240.56,0,0,68
1383722,53,10,2494,240.56,241.56,0,0,42
1369977,54,10,2494,242.56,242.56,0,0,40
1056100,55,10,2494,241.56,241.56,0,0,94
1138600,56,10,2494,247.38,248.38,0,0,68
1223530,57,10,2494,243.53,243.53,0,0,67
1165618,58,10,2494,242.53,243.53,0,0,109
1291653,59,10,2494,242.53,243.53,0,0,68
1077691,60,10,2494,241.53,242.53,0,0,82
1462039,61,10,2494,241.53,243.53,0,0,69
1199254,62,10,2494,243.53,243.53,0,0,42
1012941,63,10,2494,241.53,241.53,0,0,40
1326991,64,10,2494,237.65,239.65,0,0,95
1176805,65,10,2494,242.53,243.53,0,0,15
1401731,66,10,2494,241.53,242.53,0,0,107
1146468,67,10,2494,243.53,243.53,0,0,68
1131735,68,10,2494,250.26,252.26,0,0,94
1399951,69,10,2494,232.83,231.83,0,0,95
1085685,70,10,2494,231.83,231.83,0,0,82
1422481,71,10,2494,231.83,233.83,0,0,67
1256487,72,10,2494,233.83,231.83,0,0,121
1052415,73,10,2494,233.83,231.83,0,0,41
1065038,74,10,2494,232.83,232.83,0,0,82
1436316,75,10,2494,232.83,231.83,0,0,55
1334943,76,10,2494,232.83,231.83,0,0,94
1415689,77,10,2494,232.83,233.83,0,0,41
1460808,78,10,2494,231.83,233.83,0,0,42
1133696,79,10,2494,231.83,232.83,0,0,42
1260936,80,10,2494,238.68,238.68,0,0,107
1082039,81,10,2494,213.43,237.68,0,0,40
1089250,82,10,2494,214.43,237.68,0,0,67
1289389,83,10,2494,214.43,236.68,0,0,68
1268050,84,10,2494,214.43,237.68,0,0,67
1212697,85,10,2494,214.43,236.68,0,0,68
1407914,86,10,2494,214.43,236.68,0,0,54
1095842,87,10,2494,212.43,212.43,0,0,121
1438333,88,10,2494,212.43,212.43,0,0,94
1041481,89,10,2494,213.43,212.43,0,0,69
1443680,90,10,2494,213.43,212.43,0,0,41
1225429,91,10,2494,213.43,213.43,0,0,55
1480811,92,10,2494,214.43,214.43,0,0,96
1230752,93,10,2494,195,196,0,0,136
1285711,94,10,2494,194,195,0,0,80
1146211,95,10,2494,196,194,0,0,80
1272548,96,10,2494,196,195,0,0,95
1028470,97,10,2494,194,195,0,0,123
1369960,98,10,2494,196,194,0,0,82
1035913,99,10,2494,194,196,0,0,82
1483276,100,10,2494,196,196,0,0,107
1067078,101,10,2494,195,194,0,0,135
1261569,102,10,2494,195,196,0,0,27
1255128,103,10,2494,194,196,0,0,177
1483873,104,10,2494,194,195,0,0,69
1498258,105,10,2494,246.44,246.44,0,0,190
1194994,106,10,2494,242.5,243.5,0,0,135
1264359,107,10,2494,243.5,243.5,0,0,68
1131943,108,10,2494,244.5,244.5,0,0,95
1365151,109,10,2494,244.5,243.5,0,0,134
1097351,110,10,2494,243.5,242.5,0,0,121
1328004,111,10,2494,244.5,242.5,0,0,40
1436256,112,10,2494,242.5,243.5,0,0,41
1005053,113,10,2494,243.5,242.5,0,0,123
1479852,114,10,2494,243.5,242.5,0,0,123
1384462,115,10,2494,244.5,243.5,0,0,149
1245173,116,10,2494,242.5,243.5,0,0,41
1107287,118,10,2494,194,243.5,0,0,68
1332334,119,10,2494,196,243.5,0,0,69
1339778,120,10,2494,194,242.5,0,0,96
1043162,121,10,2494,194,242.5,0,0,82
1017997,122,10,2494,196,244.5,0,0,96
1369975,123,10,2494,194,243.5,0,0,42
1239224,124,10,2494,194,194,0,0,109
1236246,125,10,2494,195,194,0,0,162
1260960,126,10,2494,194,196,0,0,95
1132680,127,10,2494,195,196,0,0,204
1397259,128,10,2494,196,194,0,0,40
1000888,129,10,2494,195,194,0,0,150
1484317,130,10,2494,194,196,0,0,67
1372279,131,10,2494,196,194,0,0,163
1100365,132,10,2494,196,194,0,0,161
1329683,133,10,2494,195,195,0,0,80
1072202,134,10,2494,196,195,0,0,95
1364129,135,10,2494,194,196,0,0,28
1217564,136,10,2494,194,195,0,0,134
1261150,137,10,2494,195,195,0,0,67
1359676,138,10,2494,195,194,0,0,107
1344719,139,10,2494,195,195,0,0,40
1475830,140,10,2494,195,196,0,0,54
1489174,141,10,2494,196,196,0,0,161
1406725,142,10,2494,195,196,0,0,108
1330514,143,10,2494,195,196,0,0,54
1238632,144,10,2494,196,195,0,0,95
1124539,145,10,2494,195,194,0,0,189
1421148,1,10,1847,243.5,244.5,0,0,26
1250394,2,10,1847,243.5,242.5,0,0,28
1433985,3,10,1847,242.5,242.5,0,0,15
1493374,5,10,1847,242.5,242.5,0,0,28
1157414,6,10,1847,242.5,244.5,0,0,26
1473378,7,10,1847,243.5,244.5,0,0,41
1218518,10,10,1847,272.63,271.63,0,0,27
1235524,13,10,1847,244.5,272.63,0,0,28
1423532,14,10,1847,244.5,270.63,0,0,13
1180245,15,10,1847,242.5,272.63,0,0,40
1482570,16,10,1847,242.5,272.63,0,0,13
1082213,17,10,1847,244.5,271.63,0,0,27
1398133,18,10,1847,244.5,272.63,0,0,27
1351047,19,10,1847,244.5,243.5,0,0,13
1074772,20,10,1847,242.5,242.5,0,0,41
1391845,21,10,1847,242.5,244.5,0,0,26
1298185,22,10,1847,243.5,244.5,0,0,27
1378638,24,10,1847,244.5,243.5,0,0,13
1177010,25,10,1847,242.5,243.5,0,0,15
1287532,26,10,1847,242.5,243.5,0,0,27
1376731,28,10,1847,242.5,243.5,0,0,42
1088847,29,10,1847,194,244.5,0,0,27
1443167,30,10,1847,194,242.5,0,0,80
1197968,31,10,1847,196,244.5,0,0,42
1161537,32,10,1847,196,243.5,0,0,69
1300740,33,10,1847,256.08,258.08,0,0,28
1165518,34,10,1847,257.08,258.08,0,0,42
1270629,35,10,1847,263.84,264.84,0,0,28
1220743,36,10,1847,258.08,258.08,0,0,14
1362558,37,10,1847,195,256.08,0,0,27
1236553,38,10,1847,194,258.08,0,0,42
1259474,39,10,1847,196,257.08,0,0,15
1433589,40,10,1847,194,256.08,0,0,15
1015221,42,10,1847,218.28,256.08,0,0,13
1286234,43,10,1847,218.28,256.08,0,0,13
1464534,44,10,1847,245.44,244.44,0,0,26
1479517,45,10,1847,232.8,233.8,0,0,14
1300782,46,10,1847,233.8,232.8,0,0,28
1006057,49,10,1847,241.56,242.56,0,0,42
1330674,50,10,1847,242.56,240.56,0,0,41
1082485,51,10,1847,242.56,242.56,0,0,14
1145907,52,10,1847,241.56,240.56,0,0,40
1426678,53,10,1847,242.56,242.56,0,0,13
1370004,55,10,1847,240.56,242.56,0,0,13
1281604,56,10,1847,240.56,242.56,0,0,27
1277744,57,10,1847,243.53,241.53,0,0,41
1143775,58,10,1847,242.53,241.53,0,0,14
1323602,59,10,1847,271.63,270.63,0,0,13
1033491,61,10,1847,241.53,272.63,0,0,41
1318272,62,10,1847,241.53,272.63,0,0,27
1007968,63,10,1847,241.53,271.63,0,0,15
1293793,65,10,1847,243.53,271.63,0,0,69
1226013,69,10,1847,231.83,270.63,0,0,27
1085091,70,10,1847,232.83,270.63,0,0,27
1065393,71,10,1847,233.83,232.83,0,0,68
1117790,72,10,1847,232.83,231.83,0,0,42
1433270,73,10,1847,232.83,232.83,0,0,54
1108166,74,10,1847,231.83,231.83,0,0,15
1497677,75,10,1847,232.83,232.83,0,0,13
1283116,76,10,1847,233.83,233.83,0,0,28
1193029,77,10,1847,232.83,231.83,0,0,15
1275040,78,10,1847,231.83,232.83,0,0,40
1252220,79,10,1847,233.83,233.83,0,0,28
1062629,80,10,1847,232.83,233.83,0,0,15
1033839,81,10,1847,212.43,214.43,0,0,15
1122315,83,10,1847,212.43,212.43,0,0,15
1497470,84,10,1847,213.43,214.43,0,0,14
1119792,86,10,1847,214.43,214.43,0,0,28
1306094,87,10,1847,214.43,212.43,0,0,26
1054473,88,10,1847,214.43,212.43,0,0,13
1060443,89,10,1847,212.43,212.43,0,0,14
1334205,91,10,1847,214.43,214.43,0,0,26
1021566,92,10,1847,212.43,213.43,0,0,13
1262181,94,10,1847,195,195,0,0,54
1315802,95,10,1847,196,196,0,0,135
1088023,96,10,1847,196,195,0,0,42
1059196,98,10,1847,195,195,0,0,55
1018972,99,10,1847,195,195,0,0,14
1191205,100,10,1847,195,194,0,0,53
1216627,101,10,1847,195,196,0,0,41
1488351,102,10,1847,196,194,0,0,123
1173127,103,10,1847,195,195,0,0,40
1078097,104,10,1847,196,194,0,0,81
1288166,105,10,1847,242.5,242.5,0,0,54
1277820,106,10,1847,243.5,242.5,0,0,53
1385944,107,10,1847,242.5,243.5,0,0,40
1360900,108,10,1847,242.5,243.5,0,0,13
1236832,109,10,1847,243.5,243.5,0,0,28
1228816,110,10,1847,244.5,243.5,0,0,28
1221244,111,10,1847,244.5,243.5,0,0,14
1291742,113,10,1847,242.5,242.5,0,0,40
1070489,114,10,1847,243.5,243.5,0,0,26
1074131,115,10,1847,243.5,244.5,0,0,26
1358871,116,10,1847,243.5,242.5,0,0,14
1402603,117,10,1847,195,244.5,0,0,54
1054689,118,10,1847,196,244.5,0,0,27
1055644,119,10,1847,194,244.5,0,0,40
1305815,120,10,1847,195,242.5,0,0,122
1020101,121,10,1847,194,244.5,0,0,96
1440521,122,10,1847,195,243.5,0,0,67
1366686,123,10,1847,194,195,0,0,42
1298199,124,10,1847,195,194,0,0,53
1416173,125,10,1847,194,196,0,0,55
1220075,126,10,1847,196,196,0,0,54
1487406,127,10,1847,195,195,0,0,68
1489894,128,10,1847,194,194,0,0,15
1050675,129,10,1847,194,195,0,0,80
1279893,130,10,1847,194,194,0,0,26
1210394,131,10,1847,195,195,0,0,68
1010191,132,10,1847,194,194,0,0,68
1269314,133,10,1847,196,195,0,0,42
1385682,134,10,1847,194,196,0,0,42
1401653,135,10,1847,195,195,0,0,55
1206330,136,10,1847,195,196,0,0,69
1105357,137,10,1847,196,194,0,0,55
1364988,138,10,1847,196,195,0,0,53
1054735,139,10,1847,196,195,0,0,67
1064442,140,10,1847,195,195,0,0,81
1144280,142,10,1847,194,196,0,0,40
1390052,143,10,1847,196,195,0,0,82
1401613,144,10,1847,196,195,0,0,14
1035423,145,10,1847,196,196,0,0,69
1225174,1,10,1558,583.03,612.13,1,0,431
1156162,2,10,1558,583.03,612.13,1,0,406
1278482,3,10,1558,611.13,612.13,0,0,95
1053884,4,10,1558,612.13,612.13,0,0,176
1373195,5,10,1558,610.13,612.13,0,0,134
1413396,6,10,1558,611.13,612.13,0,0,217
1408637,7,10,1558,612.13,610.13,0,0,96
1277953,8,10,1558,611.13,611.13,0,0,55
1038350,9,10,1558,581.03,582.03,0,0,135
1339095,10,10,1558,583.03,581.03,0,0,202
1354557,11,10,1558,593.64,595.64,0,0,312
1298967,12,10,1558,534.53,594.64,1,0,419
1499468,13,10,1558,532.53,595.64,1,0,337
1326623,14,10,1558,610.13,612.13,0,0,135
1036411,15,10,1558,610.13,612.13,0,0,216
1440294,16,10,1558,631.53,630.53,0,0,82
1372712,17,10,1558,611.13,610.13,0,0,177
1338017,18,10,1558,612.13,612.13,0,0,271
1438717,19,10,1558,622.74,622.74,0,0,123
1182037,20,10,1558,515.13,622.74,1,0,162
1255579,21,10,1558,514.13,622.74,1,0,122
1440264,22,10,1558,611.13,610.13,0,0,189
1468180,23,10,1558,610.13,612.13,0,0,109
1339697,24,10,1558,621.77,621.77,0,0,136
1084931,25,10,1558,612.13,611.13,0,0,136
1284937,26,10,1558,486.03,612.13,1,1,161
1318572,27,10,1558,486.03,612.13,1,0,473
1345569,28,10,1558,728.53,727.53,0,0,109
1048313,29,10,1558,728.53,728.53,0,0,81
1259063,30,10,1558,727.53,726.53,0,0,15
1068963,31,10,1558,727.53,727.53,0,0,81
1231832,32,10,1558,726.53,727.53,0,0,28
1047792,33,10,1558,727.53,727.53,0,0,68
1206477,34,10,1558,726.53,726.53,0,0,54
1329540,35,10,1558,680.03,679.03,0,0,135
1493740,36,10,1558,680.03,680.03,0,0,55
1016493,37,10,1558,435.59,679.03,1,1,701
1067341,38,10,1558,435.59,680.03,1,1,242
1400550,39,10,1558,433.59,680.03,0,1,406
1253359,40,10,1558,434.59,679.03,0,1,433
1015034,41,10,1558,680.03,679.03,0,0,53
1249168,42,10,1558,679.03,678.03,0,0,161
1347387,43,10,1558,680.03,679.03,0,0,136
1145131,44,10,1558,679.03,679.03,0,0,122
1403114,45,10,1558,485.03,678.03,1,1,770
1146481,46,10,1558,484.03,678.03,0,1,594
1452198,47,10,1558,461.75,679.03,0,1,541
1200915,48,10,1558,652.84,651.84,0,0,231
1319262,49,10,1558,678.03,680.03,0,0,203
1160869,50,10,1558,680.03,679.03,0,0,229
1290204,51,10,1558,680.03,679.03,0,0,190
1222882,52,10,1558,679.03,679.03,0,0,188
1344181,53,10,1558,678.03,678.03,0,0,136
1381807,54,10,1558,679.03,678.03,0,0,176
1368623,55,10,1558,496.7,680.03,1,0,244
1242148,57,10,1558,679.03,680.03,0,0,148
1311278,58,10,1558,679.03,680.03,0,0,176
1207882,59,10,1558,680.03,679.03,0,0,134
1352444,60,10,1558,679.03,679.03,0,0,163
1008552,61,10,1558,440.44,678.03,1,0,703
1053782,62,10,1558,433.59,678.03,1,0,149
1127996,63,10,1558,435.59,680.03,1,1,594
1170177,64,10,1558,442.32,680.03,1,1,393
1004689,65,10,1558,679.03,679.03,0,0,123
1048778,66,10,1558,679.03,680.03,0,0,82
1393105,67,10,1558,680.03,680.03,0,0,122
1373116,68,10,1558,678.03,678.03,0,0,68
1341208,69,10,1558,678.03,678.03,0,0,81
1458326,70,10,1558,679.03,680.03,0,0,68
1097720,71,10,1558,680.03,678.03,0,0,149
1242933,72,10,1558,680.03,679.03,0,0,123
1324676,73,10,1558,680.03,678.03,0,0,123
1149001,74,10,1558,679.03,679.03,0,0,123
1243454,75,10,1558,485.03,679.03,1,1,635
1291518,76,10,1558,485.03,680.03,1,1,432
1039692,77,10,1558,680.03,679.03,0,0,67
1137980,78,10,1558,680.03,678.03,0,0,107
1194650,79,10,1558,474.36,680.03,1,0,553
1171784,80,10,1558,679.03,680.03,0,0,162
1192372,81,10,1558,678.03,680.03,0,0,80
1055627,82,10,1558,680.03,679.03,0,0,150
1294552,83,10,1558,680.03,680.03,0,0,109
1175978,84,10,1558,485.03,679.03,1,0,337
1411260,85,10,1558,489.88,680.03,1,0,499
1363108,86,10,1558,485.03,680.03,0,0,203
1145598,87,10,1558,484.03,680.03,0,0,364
1437021,88,10,1558,485.03,680.03,0,0,285
1364579,89,10,1558,463.69,680.03,1,1,541
1212046,90,10,1558,486.03,680.03,0,0,269
1110175,91,10,1558,485.03,679.03,0,0,256
1417799,92,10,1558,446.26,679.03,1,1,742
1082077,93,10,1558,437.53,679.03,1,1,377
1374641,94,10,1558,678.03,680.03,0,0,108
1166735,95,10,1558,680.03,680.03,0,0,203
1456421,96,10,1558,680.03,678.03,0,0,190
1017668,97,10,1558,678.03,678.03,0,0,123
1173860,98,10,1558,544.17,680.03,1,0,189
1103513,99,10,1558,534.5,680.03,1,0,202
1205750,100,10,1558,679.03,679.03,0,0,203
1140770,101,10,1558,678.03,678.03,0,0,188
1437039,102,10,1558,680.03,679.03,0,0,231
1206036,103,10,1558,680.03,680.03,0,0,96
1495490,104,10,1558,679.03,678.03,0,0,80
1155230,105,10,1558,680.03,680.03,0,0,162
1217798,106,10,1558,678.03,678.03,0,0,81
1167013,107,10,1558,679.03,680.03,0,0,55
1450070,108,10,1558,485.03,680.03,0,1,486
1021389,109,10,1558,485.03,679.03,1,1,649
1291060,110,10,1558,678.03,680.03,0,0,123
1066357,111,10,1558,697.49,696.49,0,0,108
1277099,112,10,1558,697.43,698.43,0,0,95
1452147,113,10,1558,468.54,697.43,1,1,701
1178372,114,10,1558,462.69,698.43,1,1,770
1442906,115,10,1558,472.42,698.43,1,1,365
1171634,116,10,1558,463.69,698.43,1,1,553
1083066,117,10,1558,697.43,699.43,0,0,80
1350651,118,10,1558,699.43,697.43,0,0,94
1092077,119,10,1558,699.43,698.43,0,0,150
1488466,120,10,1558,699.43,699.43,0,0,134
1178336,121,10,1558,487,698.43,1,0,352
1102866,122,10,1558,670.33,669.33,0,0,95
1053144,123,10,1558,670.33,668.33,0,0,242
1289379,124,10,1558,641.23,640.23,0,0,53
1397364,125,10,1558,641.23,641.23,0,0,96
1441274,126,10,1558,562.6,641.23,1,0,351
1151028,127,10,1558,561.69,641.23,1,0,513
1253094,128,10,1558,639.23,639.23,0,0,55
1201629,129,10,1558,641.23,639.23,0,0,95
1188226,130,10,1558,489.85,640.23,1,1,379
1002480,131,10,1558,484.03,640.23,1,1,460
1149540,132,10,1558,627.62,626.62,0,0,161
1488367,133,10,1558,641.23,639.23,0,0,107
1041934,134,10,1558,547.08,641.23,0,0,217
1028379,135,10,1558,547.08,641.23,1,0,176
1216786,136,10,1558,547.08,639.23,1,1,364
1167450,137,10,1558,549.08,640.23,0,0,189
1202523,138,10,1558,547.08,640.23,0,0,82
1471854,139,10,1558,548.08,639.23,0,0,163
1445064,140,10,1558,549.08,641.23,0,0,285
1018616,141,10,1558,475.33,641.23,1,1,742
1365413,142,10,1558,470.45,641.23,1,1,715
1215647,143,10,1558,534.53,532.53,0,0,163
1293908,144,10,1558,549.08,548.08,0,0,134
1266870,145,10,1558,564.6,564.6,0,0,149
