files/10.csv
id,week,center_id,meal_id,checkout_price,base_price,emailer_for_promotion,homepage_featured,num_orders
1250834,1,10,1543,486.03,484.03,0,0,270
1143799,2,10,1543,484.03,486.03,0,0,163
1100668,3,10,1543,486.03,484.03,0,0,189
1002326,4,10,1543,485.03,485.03,0,0,350
1132273,5,10,1543,485.03,484.03,0,0,149
1444041,6,10,1543,437.5,436.5,0,0,364
1479093,7,10,1543,442.32,444.32,0,0,217
1138886,8,10,1543,439.41,439.41,0,0,69
1280638,9,10,1543,438.5,438.5,0,0,258
1040196,10,10,1543,484.03,484.03,0,0,256
1035812,11,10,1543,484.03,484.03,0,1,176
1499927,12,10,1543,485.03,485.03,0,0,123
1276816,13,10,1543,484.03,485.03,0,0,81
1276534,14,10,1543,484.03,484.03,0,0,163
1067695,15,10,1543,484.03,485.03,0,1,148
1073636,16,10,1543,485.03,485.03,0,1,107
1256391,17,10,1543,388.03,484.03,0,1,95
1042503,18,10,1543,389.03,485.03,0,0,161
1303173,19,10,1543,387.03,486.03,0,1,365
1333774,20,10,1543,387.03,484.03,0,0,257
1141092,21,10,1543,462.69,462.69,0,0,230
1419840,22,10,1543,485.03,485.03,0,0,96
1473571,23,10,1543,484.03,484.03,0,0,40
1284354,24,10,1543,486.03,486.03,0,0,150
1295801,25,10,1543,486.03,484.03,0,0,41
1223595,26,10,1543,486.03,484.03,0,0,148
1293057,27,10,1543,461.78,460.78,0,0,81
1063230,28,10,1543,486.03,485.03,0,0,54
1302391,29,10,1543,486.03,484.03,0,0,68
1330237,30,10,1543,484.03,486.03,0,0,135
1329763,31,10,1543,484.03,484.03,0,0,217
1008034,32,10,1543,388.03,485.03,1,0,161
1106652,33,10,1543,387.03,484.03,0,0,203
1108009,34,10,1543,392.91,484.03,0,0,377
1310840,35,10,1543,392.85,484.03,0,0,243
1079780,36,10,1543,466.63,465.63,0,0,270
1009876,37,10,1543,486.03,486.03,0,0,82
1481633,38,10,1543,484.03,484.03,0,0,231
1447437,39,10,1543,486.03,484.03,0,0,163
1192054,40,10,1543,485.03,485.03,0,0,162
1021225,41,10,1543,484.03,486.03,0,0,217
1420803,42,10,1543,485.03,486.03,0,0,215
1304232,43,10,1543,388,486.03,1,1,649
1331259,44,10,1543,388,485.03,1,1,553
1396804,45,10,1543,389,484.03,0,1,230
1270639,46,10,1543,390,484.03,0,1,215
1483294,47,10,1543,485.03,485.03,0,1,109
1358958,48,10,1543,484.03,485.03,0,1,242
1330946,49,10,1543,485.03,484.03,0,1,271
1236131,50,10,1543,486.03,486.03,0,1,148
1331167,51,10,1543,484.03,484.03,0,1,163
1190953,52,10,1543,484.03,486.03,0,0,312
1381073,53,10,1543,486.03,484.03,0,0,296
1269214,54,10,1543,484.03,486.03,0,0,269
1353811,55,10,1543,387.03,485.03,1,0,337
1419180,56,10,1543,389.03,485.03,0,0,285
1167693,57,10,1543,389.03,485.03,0,0,176
1129356,58,10,1543,391.94,486.03,0,0,418
1316060,59,10,1543,486.03,484.03,0,0,270
1135897,60,10,1543,486.03,486.03,0,0,204
1422480,61,10,1543,485.03,486.03,0,0,55
1132520,62,10,1543,486.03,484.03,0,0,81
1262807,63,10,1543,486.03,485.03,0,0,231
1391990,64,10,1543,484.03,486.03,0,0,243
1420363,65,10,1543,485.03,484.03,0,0,162
1365174,66,10,1543,486.03,485.03,0,0,204
1255666,67,10,1543,486.03,486.03,0,0,339
1262084,68,10,1543,485.03,485.03,0,0,325
1301175,69,10,1543,485.03,484.03,0,0,176
1339610,70,10,1543,484.03,485.03,0,0,215
1257465,71,10,1543,484.03,484.03,0,0,244
1157247,72,10,1543,375.39,484.03,1,0,702
1077205,73,10,1543,392.85,485.03,0,0,379
1110659,74,10,1543,397.73,485.03,0,0,405
1450364,75,10,1543,389.03,486.03,0,0,298
1066398,76,10,1543,484.03,485.03,0,0,244
1440538,77,10,1543,485.03,484.03,0,0,202
1237830,78,10,1543,485.03,484.03,0,0,204
1415309,79,10,1543,485.03,485.03,0,0,244
1487500,80,10,1543,484.03,484.03,0,0,150
1089998,81,10,1543,484.03,486.03,0,0,135
1113762,82,10,1543,486.03,484.03,0,0,258
1206341,83,10,1543,388.03,486.03,0,0,257
1227591,84,10,1543,387.03,486.03,0,0,176
1392154,85,10,1543,389.03,485.03,0,0,298
1361803,86,10,1543,388.03,486.03,0,0,204
1062000,87,10,1543,485.03,485.03,0,0,270
1348322,88,10,1543,484.03,485.03,0,0,258
1478472,89,10,1543,484.03,486.03,0,0,323
1070237,90,10,1543,486.03,485.03,0,0,271
1111849,91,10,1543,485.03,484.03,0,0,297
1143825,92,10,1543,486.03,486.03,0,0,175
1073452,93,10,1543,484.03,486.03,0,0,270
1001619,94,10,1543,485.03,484.03,0,0,364
1047519,95,10,1543,484.03,486.03,0,0,338
1196838,96,10,1543,486.03,486.03,0,0,323
1209356,97,10,1543,485.03,484.03,0,0,298
1085981,98,10,1543,485.03,486.03,0,0,431
1057039,99,10,1543,485.03,485.03,0,0,189
1249569,100,10,1543,486.03,485.03,0,0,338
1111484,101,10,1543,485.03,486.03,0,0,283
1171747,102,10,1543,484.03,485.03,0,0,122
1439794,103,10,1543,484.03,485.03,0,0,15
1014148,104,10,1543,486.03,484.03,0,0,161
1180807,105,10,1543,486.03,484.03,0,0,310
1451904,106,10,1543,486.03,484.03,0,0,216
1223032,107,10,1543,484.03,484.03,0,0,163
1286150,108,10,1543,484.03,484.03,0,0,257
1452482,109,10,1543,485.03,486.03,0,0,149
1159687,110,10,1543,474.39,474.39,0,0,136
1228253,111,10,1543,472.39,473.39,0,0,283
1480246,112,10,1543,472.39,474.39,0,0,217
1233660,113,10,1543,473.39,473.39,0,0,377
1465625,114,10,1543,473.39,472.39,0,0,269
1016584,115,10,1543,474.39,472.39,0,0,296
1429846,116,10,1543,472.39,474.39,0,0,311
1410047,117,10,1543,389.03,473.39,0,0,405
1287524,118,10,1543,387.03,474.39,0,1,379
1253301,119,10,1543,392.85,474.39,0,1,405
1415617,120,10,1543,390.91,472.39,0,1,323
1476140,121,10,1543,470.51,469.51,0,0,80
1097846,122,10,1543,470.51,469.51,0,0,285
1190266,123,10,1543,470.51,470.51,0,0,203
1328889,124,10,1543,469.51,470.51,0,0,366
1110516,125,10,1543,388.03,469.51,0,0,325
1028834,126,10,1543,387.03,468.51,0,0,366
1262252,127,10,1543,388.03,468.51,0,0,364
1008198,128,10,1543,389.03,470.51,0,0,284
1461460,129,10,1543,470.51,469.51,0,0,230
1141897,130,10,1543,468.51,469.51,0,0,242
1386134,131,10,1543,469.51,469.51,0,0,177
1375672,132,10,1543,468.51,468.51,0,0,339
1327762,133,10,1543,483.09,482.09,0,0,339
1492301,134,10,1543,484.09,484.09,0,0,217
1474596,135,10,1543,485.03,484.03,0,0,215
1217702,136,10,1543,485.03,485.03,0,0,68
1448238,137,10,1543,379.3,485.03,1,1,458
1471862,138,10,1543,376.36,485.03,1,1,528
1111975,139,10,1543,388.03,484.03,0,0,406
1265711,140,10,1543,476.33,475.33,0,0,405
1206931,141,10,1543,486.03,485.03,0,0,203
1309420,142,10,1543,486.03,486.03,0,0,202
1467126,143,10,1543,484.03,484.03,0,0,325
1158580,144,10,1543,486.03,486.03,0,0,243
1376472,145,10,1543,485.03,485.03,0,0,351
1254250,1,10,2304,485.03,485.03,0,0,323
1101693,2,10,2304,486.03,485.03,0,0,136
1066708,3,10,2304,485.03,484.03,0,0,257
1397078,4,10,2304,485.03,484.03,0,0,284
1450658,5,10,2304,486.03,484.03,0,0,215
1016863,6,10,2304,437.5,485.03,0,1,202
1381752,7,10,2304,438.5,486.03,0,1,229
1482954,8,10,2304,442.38,484.03,0,1,189
1399708,9,10,2304,436.5,485.03,0,1,204
1290571,10,10,2304,484.03,486.03,0,0,324
1176283,11,10,2304,485.03,486.03,0,0,150
1401803,12,10,2304,472.45,471.45,0,0,150
1213300,13,10,2304,485.03,485.03,0,0,82
1076416,14,10,2304,485.03,484.03,0,0,54
1407874,15,10,2304,484.03,484.03,0,0,67
1302331,16,10,2304,484.03,485.03,0,0,28
1469482,17,10,2304,394.82,485.03,0,0,203
1468571,18,10,2304,389.03,484.03,0,0,134
1109172,19,10,2304,376.36,486.03,0,0,189
1328487,20,10,2304,388.03,484.03,0,0,269
1495154,21,10,2304,474.36,473.36,0,0,121
1234614,22,10,2304,485.03,485.03,0,0,107
1392560,23,10,2304,485.03,485.03,0,0,80
1377201,24,10,2304,486.03,486.03,0,0,41
1346634,25,10,2304,486.03,484.03,0,0,42
1233465,26,10,2304,484.03,486.03,0,0,81
1011719,27,10,2304,486.03,485.03,0,0,68
1336515,29,10,2304,486.03,486.03,0,0,26
1269066,30,10,2304,484.03,486.03,0,0,69
1141211,31,10,2304,486.03,486.03,0,0,95
1083829,32,10,2304,388.03,485.03,1,0,94
1306143,33,10,2304,388.03,485.03,0,0,109
1281484,34,10,2304,380.3,486.03,0,0,149
1472775,37,10,2304,485.03,485.03,0,0,136
1162615,38,10,2304,484.03,486.03,0,0,189
1157281,39,10,2304,484.03,484.03,0,0,123
1299689,40,10,2304,486.03,484.03,0,0,148
1055449,41,10,2304,484.03,486.03,0,0,149
1359299,42,10,2304,484.03,484.03,0,0,177
1191309,43,10,2304,392.88,486.03,1,1,337
1480371,44,10,2304,390,485.03,1,1,270
1221697,45,10,2304,389,486.03,0,1,297
1042962,46,10,2304,389,485.03,0,1,188
1476486,47,10,2304,486.03,485.03,0,1,175
1090205,48,10,2304,484.03,486.03,0,1,269
1258006,49,10,2304,486.03,486.03,0,0,217
1479392,50,10,2304,484.03,484.03,0,1,190
1310324,51,10,2304,484.03,485.03,0,1,123
1434151,52,10,2304,485.03,486.03,0,0,230
1055350,53,10,2304,484.03,486.03,0,0,231
1320795,54,10,2304,486.03,485.03,0,0,163
1144300,55,10,2304,394.79,486.03,1,0,339
1421411,56,10,2304,387.03,484.03,0,0,229
1358273,57,10,2304,395.79,484.03,0,0,177
1413039,58,10,2304,388.03,486.03,0,0,231
1455340,59,10,2304,486.03,484.03,0,0,188
1181725,60,10,2304,486.03,485.03,0,0,217
1256859,61,10,2304,484.03,485.03,0,0,80
1392796,62,10,2304,485.03,486.03,0,0,95
1023169,63,10,2304,484.03,485.03,0,0,95
1048322,64,10,2304,484.03,486.03,0,0,204
1150600,65,10,2304,486.03,485.03,0,0,41
1157794,66,10,2304,486.03,486.03,0,0,217
1411959,67,10,2304,486.03,485.03,0,0,216
1009918,68,10,2304,484.03,484.03,0,0,243
1435808,69,10,2304,484.03,485.03,0,0,215
1373990,70,10,2304,486.03,484.03,0,0,229
1400869,71,10,2304,486.03,485.03,0,0,229
1234725,72,10,2304,375.39,485.03,1,0,406
1331084,73,10,2304,399.67,484.03,0,0,351
1202263,74,10,2304,389.03,484.03,0,0,257
1392186,75,10,2304,395.79,485.03,0,0,162
1435836,76,10,2304,486.03,486.03,0,0,176
1352913,77,10,2304,485.03,486.03,0,0,215
1249290,78,10,2304,485.03,485.03,0,0,81
1408197,79,10,2304,486.03,484.03,0,0,175
1210345,80,10,2304,486.03,486.03,0,0,243
1377352,81,10,2304,484.03,486.03,0,0,189
1354537,82,10,2304,486.03,485.03,0,0,109
1241156,83,10,2304,389.03,484.03,0,0,188
1196604,84,10,2304,388.03,486.03,0,0,109
1361828,85,10,2304,397.7,484.03,0,0,121
1339484,86,10,2304,387.03,484.03,0,0,94
1306973,87,10,2304,486.03,485.03,0,0,122
1005397,88,10,2304,486.03,484.03,0,0,204
1376243,89,10,2304,484.03,484.03,0,0,203
1141918,90,10,2304,485.03,486.03,0,0,216
1078855,91,10,2304,485.03,484.03,0,0,190
1100522,92,10,2304,486.03,484.03,0,0,190
1318085,93,10,2304,485.03,486.03,0,0,163
1105272,94,10,2304,486.03,485.03,0,0,271
1353739,95,10,2304,485.03,485.03,0,0,230
1235208,96,10,2304,486.03,486.03,0,0,148
1192988,97,10,2304,485.03,485.03,0,0,163
1087293,98,10,2304,484.03,486.03,0,0,149
1359710,99,10,2304,485.03,486.03,0,0,136
1347080,100,10,2304,486.03,484.03,0,0,203
1213007,101,10,2304,479.18,481.18,0,0,257
1268438,102,10,2304,484.03,484.03,0,0,67
1167356,103,10,2304,484.03,484.03,0,0,15
1192226,104,10,2304,484.03,486.03,0,0,189
1055508,105,10,2304,484.03,485.03,0,0,230
1276027,106,10,2304,486.03,484.03,0,0,189
1259963,107,10,2304,485.03,485.03,0,0,163
1263209,108,10,2304,485.03,486.03,0,0,94
1229689,109,10,2304,485.03,484.03,0,0,215
1453658,110,10,2304,474.39,474.39,0,0,161
1242963,111,10,2304,473.39,474.39,0,0,175
1050119,112,10,2304,473.39,472.39,0,0,285
1274857,113,10,2304,472.39,473.39,0,0,204
1405529,114,10,2304,472.39,472.39,0,0,216
1240088,115,10,2304,473.39,474.39,0,0,149
1369496,116,10,2304,473.39,473.39,0,0,229
1420593,117,10,2304,387.03,472.39,0,0,271
1499954,118,10,2304,389.03,474.39,0,1,231
1024389,119,10,2304,388.03,472.39,0,0,379
1407198,120,10,2304,387.03,473.39,0,1,338
1062339,121,10,2304,469.51,469.51,0,0,217
1145814,122,10,2304,469.51,469.51,0,0,162
1249112,123,10,2304,469.51,470.51,0,0,161
1159112,124,10,2304,469.51,468.51,0,0,148
1153041,125,10,2304,388.03,470.51,0,0,244
1378351,126,10,2304,389.94,470.51,0,0,433
1351800,127,10,2304,382.18,470.51,0,0,243
1386664,128,10,2304,389.03,469.51,0,0,243
1300526,129,10,2304,468.51,468.51,0,0,135
1383009,130,10,2304,470.51,470.51,0,0,121
1201130,131,10,2304,468.51,470.51,0,0,123
1390958,132,10,2304,468.51,470.51,0,0,109
1179358,133,10,2304,483.09,484.09,0,0,257
1173335,134,10,2304,482.09,483.09,0,0,150
1441926,135,10,2304,485.03,486.03,0,0,134
1301528,136,10,2304,486.03,485.03,0,0,96
1111922,137,10,2304,389.03,485.03,1,1,270
1414166,138,10,2304,382.21,484.03,1,1,339
1368683,139,10,2304,392.85,486.03,0,0,215
1007598,140,10,2304,469.48,471.48,0,0,177
1292456,141,10,2304,485.03,485.03,0,0,81
1145082,142,10,2304,485.03,485.03,0,0,80
1123931,143,10,2304,485.03,485.03,0,0,188
1401357,144,10,2304,485.03,486.03,0,0,202
1228059,145,10,2304,486.03,486.03,0,0,188
1089959,17,10,2664,361.81,361.81,0,0,472
1238310,18,10,2664,363.81,362.81,0,0,636
1426265,19,10,2664,321.1,363.81,0,0,1122
1307053,20,10,2664,320.13,362.81,0,0,919
1110866,21,10,2664,319.13,363.81,0,0,770
1248005,22,10,2664,320.13,361.81,0,0,1094
1183474,23,10,2664,320.13,362.81,0,0,593
1235092,24,10,2664,320.13,361.81,0,0,879
1161464,25,10,2664,319.13,320.13,0,0,607
1362945,26,10,2664,321.13,319.13,0,0,647
1358163,27,10,2664,265.84,320.13,0,1,1619
1189399,28,10,2664,318.19,318.19,0,0,783
1324406,29,10,2664,320.13,319.13,0,0,675
1047667,30,10,2664,319.13,321.13,0,0,648
1204075,31,10,2664,321.13,320.13,0,0,755
1028327,32,10,2664,320.13,320.13,0,0,728
1038646,33,10,2664,319.13,320.13,0,0,635
1393375,34,10,2664,320.13,319.13,0,0,485
1487358,35,10,2664,320.13,319.13,0,0,771
1094215,36,10,2664,320.13,321.13,0,0,593
1003152,37,10,2664,244.47,319.13,0,1,1755
1140036,38,10,2664,317.22,317.22,0,0,689
1212814,39,10,2664,321.13,320.13,0,0,582
1160491,40,10,2664,321.13,321.13,0,0,703
1211800,41,10,2664,305.61,303.61,0,0,688
1496016,42,10,2664,282.33,282.33,0,0,945
1340202,43,10,2664,319.13,321.13,0,0,485
1229626,44,10,2664,319.13,321.13,0,0,728
1233930,45,10,2664,321.13,320.13,0,0,622
1212737,46,10,2664,320.13,320.13,0,0,231
1220020,47,10,2664,319.13,319.13,0,0,445
1093124,48,10,2664,320.13,321.13,0,0,796
1423048,49,10,2664,320.13,321.13,0,0,540
1178341,50,10,2664,319.13,320.13,0,0,595
1459224,51,10,2664,319.13,321.13,0,0,513
1368355,52,10,2664,319.13,321.13,0,0,621
1143130,53,10,2664,319.13,321.13,0,0,663
1325971,54,10,2664,320.13,319.13,0,0,661
1489220,55,10,2664,320.13,320.13,0,0,730
1381792,56,10,2664,263.84,321.13,1,0,1431
1388168,57,10,2664,263.9,321.13,1,0,1675
1029337,58,10,2664,317.19,318.19,0,0,810
1183425,59,10,2664,318.22,317.22,0,0,622
1240022,60,10,2664,274.57,318.22,0,0,1324
1220958,61,10,2664,276.51,316.22,0,0,755
1098227,63,10,2664,273.57,317.22,0,0,730
1130589,64,10,2664,276.51,316.22,0,0,1255
1082252,65,10,2664,315.31,313.31,0,0,1081
1351886,66,10,2664,319.13,319.13,0,0,769
1390870,67,10,2664,319.16,319.16,0,0,769
1288567,68,10,2664,321.13,320.13,0,0,647
1145180,69,10,2664,321.13,320.13,0,0,594
1188424,70,10,2664,316.28,316.28,0,0,446
1071376,71,10,2664,315.28,315.28,0,0,836
1023207,72,10,2664,319.13,321.13,0,0,918
1137083,73,10,2664,321.13,320.13,0,0,744
1469289,74,10,2664,320.16,319.16,0,0,946
1482415,75,10,2664,318.19,319.19,0,0,1094
1042798,76,10,2664,320.13,319.13,0,0,809
1280810,77,10,2664,320.13,319.13,0,0,769
1443717,78,10,2664,321.13,320.13,0,0,717
1251014,79,10,2664,316.28,316.28,0,0,824
1267709,80,10,2664,320.13,320.13,0,0,243
1180424,81,10,2664,319.13,320.13,0,0,892
1468958,82,10,2664,247.41,321.13,1,1,2362
1455729,83,10,2664,311.4,312.4,0,0,1014
1157406,84,10,2664,310.43,311.43,0,0,919
1245329,85,10,2664,314.28,316.28,0,0,864
1181801,86,10,2664,314.28,314.28,0,0,918
1134500,87,10,2664,311.43,311.43,0,0,809
1250032,88,10,2664,316.28,315.28,0,0,945
1175135,89,10,2664,314.28,314.28,0,0,865
1153401,90,10,2664,314.28,315.28,0,0,662
1179089,91,10,2664,315.28,315.28,0,0,946
1025529,92,10,2664,315.28,316.28,0,0,877
1132962,93,10,2664,309.46,308.46,0,0,703
1425192,94,10,2664,309.46,309.46,0,0,810
1138517,95,10,2664,309.46,308.46,0,0,986
1035096,96,10,2664,309.46,309.46,0,0,904
1197218,97,10,2664,301.7,301.7,0,0,337
1490504,98,10,2664,303.61,304.61,0,0,972
1138545,99,10,2664,309.46,308.46,0,0,879
1249638,100,10,2664,309.46,308.46,0,0,1392
1120713,101,10,2664,310.46,308.46,0,0,1350
1038941,102,10,2664,308.46,308.46,0,0,676
1457733,103,10,2664,303.64,302.64,0,0,690
1412060,104,10,2664,304.64,304.64,0,0,932
1362806,105,10,2664,302.64,304.64,0,0,1351
1161551,106,10,2664,303.64,302.64,0,0,1079
1117705,107,10,2664,302.64,302.64,0,0,905
1290006,108,10,2664,304.64,302.64,0,0,863
1344958,109,10,2664,302.64,302.64,0,0,1000
1320485,110,10,2664,304.64,304.64,0,0,985
1099754,111,10,2664,304.64,304.64,0,0,823
1483368,112,10,2664,302.64,303.64,0,0,905
1399779,113,10,2664,302.64,303.64,0,0,919
1466863,114,10,2664,301.67,301.67,0,0,811
1086014,115,10,2664,242.5,303.67,1,1,1498
1421775,116,10,2664,243.5,302.67,1,1,1472
1417908,117,10,2664,303.64,303.64,0,0,742
1003843,118,10,2664,302.64,304.64,0,0,621
1136385,119,10,2664,302.64,304.64,0,0,852
1418018,120,10,2664,296.85,296.85,0,0,568
1029039,121,10,2664,302.64,303.64,0,0,823
1344668,122,10,2664,302.64,303.64,0,0,1095
1461928,123,10,2664,304.64,304.64,0,0,973
1001407,124,10,2664,302.64,302.64,0,0,944
1080277,125,10,2664,294.88,295.88,0,0,513
1351009,126,10,2664,304.64,302.64,0,0,985
1280342,127,10,2664,304.64,304.64,0,0,960
1233890,128,10,2664,303.64,303.64,0,0,809
1488875,129,10,2664,303.64,304.64,0,0,973
1012851,130,10,2664,304.64,303.64,0,0,636
1095243,131,10,2664,303.64,304.64,0,0,728
1324915,132,10,2664,302.64,303.64,0,0,634
1033522,133,10,2664,303.64,303.64,0,0,609
1094079,134,10,2664,302.64,304.64,0,0,595
1021761,135,10,2664,311.43,310.43,0,0,661
1497973,136,10,2664,316.25,316.25,0,0,728
1356279,137,10,2664,307.55,305.55,0,0,662
1291980,138,10,2664,323.04,322.04,0,0,594
1406811,139,10,2664,314.28,316.28,0,0,568
1339647,140,10,2664,308.52,307.52,0,0,555
1450744,141,10,2664,315.31,314.31,0,0,594
1320368,142,10,2664,320.13,319.13,0,0,730
1413682,143,10,2664,328.83,328.83,0,0,540
1205383,144,10,2664,239.65,330.83,1,0,865
1481527,145,10,2664,244.5,328.83,0,0,919
